
2026-09-14 22:04:04,266 - StoreSales_deep_learning - INFO - Store Sales Deep Learning - ACF/PACF TimeSeries notebook started.
2026-09-14 22:05:09,210 - StoreSales_deep_learning - INFO - Sorted Store,Date,Sales data chronologically - This is essential for time-series work.
2026-09-14 22:05:14,741 - StoreSales_deep_learning - INFO - Created aggregate daily sales series to avoid ACF/PACF and ARIMA separately for each store.
2026-09-14 22:05:21,584 - StoreSales_deep_learning - INFO - Created aggregate daily sales series to avoid ACF/PACF and ARIMA separately for each store.
2026-09-14 22:05:31,952 - StoreSales_deep_learning - INFO - Performed Stationarity test - Before ARIMA/SARIMA using ADF
2026-09-14 22:05:45,186 - StoreSales_deep_learning - INFO - The time series is stationary.
2026-09-14 22:06:36,572 - StoreSales_deep_learning - INFO - Building a 2-layer LSTM model in Keras....
2026-09-14 22:06:43,881 - StoreSales_deep_learning - INFO - Finished 2-layer LSTM Model !
2026-09-14 22:07:01,384 - StoreSales_deep_learning - INFO - Training a LSTM model....
2026-09-14 22:07:25,378 - StoreSales_deep_learning - INFO - Finished Training LSTM !
2026-09-14 22:07:31,886 - StoreSales_deep_learning - INFO - Evaluating LSTM....
2026-09-14 22:07:32,038 - StoreSales_deep_learning - DEBUG - LSTM Test Loss: 0.07524837553501129
2026-09-14 22:07:32,039 - StoreSales_deep_learning - DEBUG - LSTM MAE (Scaled): 0.1728021502494812
2026-09-14 22:07:32,040 - StoreSales_deep_learning - INFO - Evaluation Done !
2026-09-14 22:08:25,250 - StoreSales_deep_learning - INFO - Building a 2-layer GRU....
2026-09-14 22:08:25,424 - StoreSales_deep_learning - INFO - Finished 2-layer GRU !
2026-09-14 22:09:27,418 - StoreSales_deep_learning - INFO - Evaluating GRU....
2026-09-14 22:09:27,431 - StoreSales_deep_learning - INFO - Finish Evaluating GRU !
2026-09-14 22:09:36,864 - StoreSales_deep_learning - INFO - Comparing Models LSTM & GRU....
2026-09-14 22:09:37,047 - StoreSales_deep_learning - INFO - Finished Comparing LSTM & GRU !
2026-09-14 22:09:55,723 - StoreSales_deep_learning - INFO - Statistical Time Series split....
2026-09-14 22:10:04,016 - StoreSales_deep_learning - INFO - Performing ARIMA - AIC/BIC....
2026-09-14 22:10:12,731 - StoreSales_deep_learning - INFO - Finish ARIMA - AIC/BIC....
2026-09-14 22:10:43,346 - StoreSales_deep_learning - INFO - Finding best AIC and best BIC separately....
2026-09-14 22:11:27,627 - StoreSales_deep_learning - INFO - SARIMA - selecting using AIC/BIC....
2026-09-14 22:11:49,745 - StoreSales_deep_learning - INFO - Completed - SARIMA !
2026-09-14 22:12:21,287 - StoreSales_deep_learning - INFO - Fit the selected SARIMA model....
2026-09-14 22:12:32,604 - StoreSales_deep_learning - INFO - Forecasting the selected SARIMA model....
2026-09-14 22:12:40,995 - StoreSales_deep_learning - INFO - Evaluating the SARIMA model....
2026-09-14 22:12:41,005 - StoreSales_deep_learning - INFO - Finished the SARIMA model....
2026-09-14 22:26:14,689 - StoreSales_deep_learning - INFO - Random Forest model saved successfully as random_forest_sales_model.pkl
2026-09-14 22:26:31,869 - StoreSales_deep_learning - INFO - Per-store metrics saved successfully in per_store_metrics.csv
2026-09-14 22:28:18,921 - StoreSales_deep_learning - INFO - GRU model saved successfully as gru_sales_forecasting.keras
2026-09-14 22:28:39,540 - StoreSales_deep_learning - INFO - Scaler used with GRU saved successfully as sales_scaler.pkl
2026-09-14 22:29:36,438 - StoreSales_deep_learning - INFO - SARIMA saved successfully as sarima_sales_forecasting.pkl
2026-09-14 22:34:16,893 - StoreSales_deep_learning - INFO - Multivariate GRU, feature & scalers saved successfully as multivariate_multistep_gru.keras, feature_scaler.pkl & target_scaler.pkl
