2026-09-14 19:36:19,985 - StoreSales_machine_learning - INFO - Store Sales Machine Learning Test Train Model notebook started.
2026-09-14 19:39:55,210 - StoreSales_machine_learning - INFO - Starting dataset loading process - feature_engineering_store_train and store_test.
2026-09-14 19:39:58,501 - StoreSales_machine_learning - INFO - feature_engineered_store_train.csv loaded successfully.
2026-09-14 19:39:58,502 - StoreSales_machine_learning - INFO - feature_engineered_store_test.csv loaded successfully.
2026-09-14 19:39:58,505 - StoreSales_machine_learning - DEBUG - Store Train dataset shape: (1017209, 28)
2026-09-14 19:39:58,506 - StoreSales_machine_learning - DEBUG - Store Test dataset shape: (41088, 27)
2026-09-14 19:42:21,104 - StoreSales_machine_learning - INFO - Filling PromoInterval missing value to NoPromo.
2026-09-14 19:47:52,635 - StoreSales_machine_learning - INFO - Starting One-hot encode on train and test...
2026-09-14 19:47:53,077 - StoreSales_machine_learning - DEBUG - Store Train encoded dataset shape: (1017209, 34)
2026-09-14 19:47:53,093 - StoreSales_machine_learning - DEBUG - Store Test encoded dataset shape: (41088, 31)
2026-09-14 19:48:10,796 - StoreSales_machine_learning - INFO - Finished One-hot encode on train and test.
2026-09-14 19:56:34,631 - StoreSales_machine_learning - INFO - Starting Feature and target preparation....
2026-09-14 19:56:34,637 - StoreSales_machine_learning - DEBUG - Store Train Encoded X without 'Sales' and 'Customers' dataset shape: (1017209, 32)
2026-09-14 19:56:34,638 - StoreSales_machine_learning - DEBUG - Store Train Target y target 'Sales' dataset shape: (1017209,)
2026-09-14 20:00:26,318 - StoreSales_machine_learning - DEBUG - X shape after alignment: X.shape
2026-09-14 20:00:26,319 - StoreSales_machine_learning - DEBUG - X_test shape after alignment: X_test.shape
2026-09-14 20:00:56,402 - StoreSales_machine_learning - DEBUG - X shape after alignment: (1017209, 32)
2026-09-14 20:00:56,402 - StoreSales_machine_learning - DEBUG - X_test shape after alignment: (41088, 32)
2026-09-14 20:02:23,215 - StoreSales_machine_learning - INFO - Starting Train/validation split, model building and comparison....
2026-09-14 20:03:49,538 - StoreSales_machine_learning - INFO - Starting with Random Forest using controlled parameters....
2026-09-14 20:09:28,491 - StoreSales_machine_learning - INFO - Random Forest training completed.
2026-09-14 20:12:20,422 - StoreSales_machine_learning - INFO - Random Forest Results =
2026-09-14 20:12:20,422 - StoreSales_machine_learning - INFO - ---------------------
2026-09-14 20:12:20,422 - StoreSales_machine_learning - DEBUG - R² Score : 0.8369611084701227
2026-09-14 20:12:20,436 - StoreSales_machine_learning - DEBUG - MAE      : 1016.8452385672946
2026-09-14 20:12:20,441 - StoreSales_machine_learning - DEBUG - RMSE     : 1552.7874725570423
2026-09-14 20:21:31,417 - StoreSales_machine_learning - INFO - Starting Model Comparison....
2026-09-14 20:21:34,460 - StoreSales_machine_learning - DEBUG - Linear Regression completed.
2026-09-14 20:21:35,278 - StoreSales_machine_learning - DEBUG - Ridge Regression completed.
2026-09-14 20:28:09,710 - StoreSales_machine_learning - DEBUG - Random Forest completed.
2026-09-14 20:32:52,419 - StoreSales_machine_learning - DEBUG - Extra Trees completed.
2026-09-14 20:34:21,738 - StoreSales_machine_learning - DEBUG -                Model  R2 Score          MAE         RMSE  Training Time (sec)
0      Random Forest  0.836961  1016.845239  1552.787473           394.424991
1        Extra Trees  0.827616  1022.763857  1596.670675           282.705581
2   Ridge Regression  0.574931  1750.960328  2507.240271             0.814861
3  Linear Regression  0.574910  1751.028763  2507.302088             3.030029
2026-09-14 20:34:21,760 - StoreSales_machine_learning - INFO - Model Comparison Finish ! 
2026-09-14 20:38:32,547 - StoreSales_machine_learning - DEBUG - Model comparison results:
            Model  R2 Score         MAE        RMSE  Training Time (sec)
    Random Forest  0.836961 1016.845239 1552.787473           394.424991
      Extra Trees  0.827616 1022.763857 1596.670675           282.705581
 Ridge Regression  0.574931 1750.960328 2507.240271             0.814861
Linear Regression  0.574910 1751.028763 2507.302088             3.030029
2026-09-14 20:40:50,345 - StoreSales_machine_learning - DEBUG - Best Model: Random Forest
2026-09-14 20:42:02,728 - StoreSales_machine_learning - INFO - Starting Feature Importance....
2026-09-14 20:42:02,985 - StoreSales_machine_learning - INFO - Finish Feature Importance !
2026-09-14 20:43:01,150 - StoreSales_machine_learning - INFO - Perfoming Residual Analaysis....
2026-09-14 20:44:01,418 - StoreSales_machine_learning - INFO - Finish Residual Analaysis !
2026-09-14 20:46:44,861 - StoreSales_machine_learning - INFO - Saving final submission to final_sales_predictions.csv....
