2026-09-14 22:45:51,798 - StoreSales_Streamlit - INFO - Streamlit Store Sales dashboard started.
2026-09-14 22:45:53,116 - StoreSales_Streamlit - INFO - Loading feature-engineered datasets.
2026-09-14 22:45:58,897 - StoreSales_Streamlit - DEBUG - Training dataset shape: (1017209, 28)
2026-09-14 22:45:58,897 - StoreSales_Streamlit - DEBUG - Test dataset shape: (41088, 27)
2026-09-14 22:45:59,496 - StoreSales_Streamlit - INFO - Loading Random Forest model.
2026-09-14 22:46:00,632 - StoreSales_Streamlit - INFO - Loading per-store evaluation metrics.
2026-09-14 22:48:08,588 - StoreSales_Streamlit - INFO - Streamlit Store Sales dashboard started.
2026-09-14 22:48:20,328 - StoreSales_Streamlit - INFO - Streamlit Store Sales dashboard started.
2026-09-14 22:48:38,820 - StoreSales_Streamlit - INFO - Streamlit Store Sales dashboard started.
2026-09-14 22:48:39,007 - StoreSales_Streamlit - INFO - Loading multivariate multi-step GRU resources.
2026-09-14 22:48:40,135 - StoreSales_Streamlit - INFO - GRU model and scalers loaded successfully.
2026-09-14 22:48:40,136 - StoreSales_Streamlit - INFO - Preparing 7-day GRU forecast.
2026-09-14 22:48:43,583 - StoreSales_Streamlit - INFO - 7-day GRU forecast generated successfully.
2026-09-14 22:48:52,983 - StoreSales_Streamlit - INFO - Streamlit Store Sales dashboard started.
2026-09-14 22:52:39,338 - StoreSales_Streamlit - INFO - Streamlit Store Sales dashboard started.
2026-09-14 22:54:49,757 - StoreSales_Streamlit - INFO - Streamlit Store Sales dashboard started.
2026-09-14 22:54:56,932 - StoreSales_Streamlit - INFO - Streamlit Store Sales dashboard started.
2026-09-14 22:55:01,541 - StoreSales_Streamlit - INFO - Streamlit Store Sales dashboard started.
2026-09-14 22:55:01,685 - StoreSales_Streamlit - INFO - Preparing 7-day GRU forecast.
2026-09-14 22:55:02,878 - StoreSales_Streamlit - INFO - 7-day GRU forecast generated successfully.
2026-09-14 22:55:05,419 - StoreSales_Streamlit - INFO - Streamlit Store Sales dashboard started.
2026-09-15 08:16:38,937 - StoreSales_Streamlit - INFO - Streamlit Store Sales dashboard started.
2026-09-15 08:16:40,319 - StoreSales_Streamlit - INFO - Loading feature-engineered datasets.
2026-09-15 08:16:45,856 - StoreSales_Streamlit - DEBUG - Training dataset shape: (1017209, 28)
2026-09-15 08:16:45,856 - StoreSales_Streamlit - DEBUG - Test dataset shape: (41088, 27)
2026-09-15 08:16:46,379 - StoreSales_Streamlit - INFO - Loading Random Forest model.
2026-09-15 08:16:48,277 - StoreSales_Streamlit - INFO - Loading per-store evaluation metrics.
2026-09-15 14:53:25,740 - StoreSales_Streamlit - INFO - Streamlit Store Sales dashboard started.
2026-09-15 14:54:15,908 - StoreSales_Streamlit - INFO - Streamlit Store Sales dashboard started.
2026-09-15 14:54:18,443 - StoreSales_Streamlit - INFO - Streamlit Store Sales dashboard started.
2026-09-15 14:55:16,992 - StoreSales_Streamlit - INFO - Streamlit Store Sales dashboard started.
2026-09-15 14:55:31,539 - StoreSales_Streamlit - INFO - Streamlit Store Sales dashboard started.
2026-09-15 14:55:42,691 - StoreSales_Streamlit - INFO - Streamlit Store Sales dashboard started.
2026-09-15 14:56:15,874 - StoreSales_Streamlit - INFO - Streamlit Store Sales dashboard started.
2026-09-15 14:56:16,025 - StoreSales_Streamlit - INFO - Loading multivariate multi-step GRU resources.
2026-09-15 14:56:17,071 - StoreSales_Streamlit - INFO - GRU model and scalers loaded successfully.
2026-09-15 14:56:17,071 - StoreSales_Streamlit - INFO - Preparing 7-day GRU forecast.
2026-09-15 14:56:18,895 - StoreSales_Streamlit - INFO - 7-day GRU forecast generated successfully.
2026-09-15 14:57:20,958 - StoreSales_Streamlit - INFO - Streamlit Store Sales dashboard started.
2026-09-15 15:05:47,784 - StoreSales_Streamlit - INFO - Streamlit Store Sales dashboard started.
2026-09-15 22:10:47,586 - StoreSales_Streamlit - INFO - Streamlit Store Sales dashboard started.
2026-09-15 22:10:57,213 - StoreSales_Streamlit - INFO - Streamlit Store Sales dashboard started.
2026-09-15 22:11:02,887 - StoreSales_Streamlit - INFO - Streamlit Store Sales dashboard started.
2026-09-15 22:11:03,045 - StoreSales_Streamlit - INFO - Preparing 7-day GRU forecast.
2026-09-15 22:11:04,313 - StoreSales_Streamlit - INFO - 7-day GRU forecast generated successfully.
2026-09-15 22:11:10,836 - StoreSales_Streamlit - INFO - Streamlit Store Sales dashboard started.
2026-09-15 22:22:33,464 - StoreSales_ModernDashboard - INFO - Modern Store Sales dashboard started.
2026-09-15 22:22:35,386 - StoreSales_ModernDashboard - INFO - Loading feature-engineered training data.
2026-09-15 22:22:40,505 - StoreSales_ModernDashboard - INFO - Training data loaded successfully.
2026-09-15 22:22:40,505 - StoreSales_ModernDashboard - DEBUG - Training data shape: (1017209, 28)
2026-09-15 22:22:58,821 - StoreSales_ModernDashboard - INFO - Modern Store Sales dashboard started.
2026-09-15 22:23:06,825 - StoreSales_ModernDashboard - INFO - Modern Store Sales dashboard started.
2026-09-15 22:23:28,741 - StoreSales_ModernDashboard - INFO - Modern Store Sales dashboard started.
2026-09-15 22:23:44,938 - StoreSales_ModernDashboard - INFO - Modern Store Sales dashboard started.
2026-09-15 22:23:55,378 - StoreSales_ModernDashboard - INFO - Modern Store Sales dashboard started.
2026-09-15 22:23:55,579 - StoreSales_ModernDashboard - INFO - Loading GRU forecasting resources.
2026-09-15 22:23:56,753 - StoreSales_ModernDashboard - INFO - GRU resources loaded successfully.
2026-09-15 22:23:58,094 - StoreSales_ModernDashboard - INFO - 7-day forecast generated successfully.
2026-09-15 22:24:10,021 - StoreSales_ModernDashboard - INFO - Modern Store Sales dashboard started.
2026-09-15 22:24:50,718 - StoreSales_ModernDashboard - INFO - Modern Store Sales dashboard started.
2026-09-15 22:24:52,755 - StoreSales_ModernDashboard - INFO - Modern Store Sales dashboard started.
2026-09-15 22:31:57,893 - StoreSales_ModernDashboard - INFO - Modern Store Sales dashboard started.
2026-09-15 22:31:59,426 - StoreSales_ModernDashboard - INFO - Loading feature-engineered training data.
2026-09-15 22:32:05,033 - StoreSales_ModernDashboard - INFO - Training data loaded successfully.
2026-09-15 22:32:05,033 - StoreSales_ModernDashboard - DEBUG - Training data shape: (1017209, 28)
2026-09-15 22:32:11,892 - StoreSales_ModernDashboard - INFO - Modern Store Sales dashboard started.
2026-09-15 22:32:39,560 - StoreSales_ModernDashboard - INFO - Modern Store Sales dashboard started.
2026-09-15 22:32:43,963 - StoreSales_ModernDashboard - INFO - Modern Store Sales dashboard started.
2026-09-15 22:32:53,641 - StoreSales_ModernDashboard - INFO - Modern Store Sales dashboard started.
2026-09-15 22:33:01,961 - StoreSales_ModernDashboard - INFO - Modern Store Sales dashboard started.
2026-09-15 22:33:15,899 - StoreSales_ModernDashboard - INFO - Modern Store Sales dashboard started.
2026-09-15 22:33:23,930 - StoreSales_ModernDashboard - INFO - Modern Store Sales dashboard started.
2026-09-15 22:33:24,136 - StoreSales_ModernDashboard - INFO - Loading GRU forecasting resources.
2026-09-15 22:33:24,906 - StoreSales_ModernDashboard - INFO - GRU resources loaded successfully.
2026-09-15 22:33:26,201 - StoreSales_ModernDashboard - INFO - 7-day forecast generated successfully.
2026-09-15 22:33:34,411 - StoreSales_ModernDashboard - INFO - Modern Store Sales dashboard started.
2026-09-15 22:33:47,013 - StoreSales_ModernDashboard - INFO - Modern Store Sales dashboard started.
2026-09-15 22:33:48,411 - StoreSales_ModernDashboard - INFO - Modern Store Sales dashboard started.
2026-09-15 22:34:01,243 - StoreSales_ModernDashboard - INFO - Modern Store Sales dashboard started.
2026-09-15 22:37:15,763 - StoreSales_ModernDashboard - INFO - Modern Store Sales dashboard started.
2026-09-15 22:38:17,445 - StoreSales_ModernDashboard - INFO - Modern Store Sales dashboard started.
2026-09-15 22:39:11,089 - StoreSales_ModernDashboard - INFO - Modern Store Sales dashboard started.
2026-09-15 22:41:15,125 - StoreSales_ModernDashboard - INFO - Modern Store Sales dashboard started.
2026-09-15 22:42:03,430 - StoreSales_ModernDashboard - INFO - Modern Store Sales dashboard started.
2026-09-15 22:42:04,814 - StoreSales_ModernDashboard - INFO - 7-day forecast generated successfully.
2026-09-15 22:43:23,437 - StoreSales_ModernDashboard - INFO - Modern Store Sales dashboard started.
